[debug] [2026-10-03T02:51:35.130Z] ----------------------------------------------------------------------
[debug] [2026-10-03T02:51:35.135Z] Command:       C:\Program Files\nodejs\node.exe C:\Users\Admin\AppData\Roaming\npm\node_modules\firebase-tools\lib\bin\firebase.js deploy --only storage --project app-from-ai --debug
[debug] [2026-10-03T02:51:35.136Z] CLI Version:   14.24.0
[debug] [2026-10-03T02:51:35.136Z] Platform:      win32
[debug] [2026-10-03T02:51:35.136Z] Node Version:  v22.17.1
[debug] [2026-10-03T02:51:35.137Z] Time:          Sat Oct 03 2026 09:51:35 GMT+0700 (Indochina Time)
[debug] [2026-10-03T02:51:35.137Z] ----------------------------------------------------------------------
[debug] 
[debug] [2026-10-03T02:51:35.544Z] Field "/storage" in "firebase.json" is possibly invalid: must be object
[debug] [2026-10-03T02:51:35.545Z] Object "/storage/0" in "firebase.json" is missing required property: {"missingProperty":"bucket"}
[debug] [2026-10-03T02:51:35.546Z] Field "/storage" in "firebase.json" is possibly invalid: must match a schema in anyOf
[debug] [2026-10-03T02:51:35.557Z] > command requires scopes: ["email","openid","https://www.googleapis.com/auth/cloudplatformprojects.readonly","https://www.googleapis.com/auth/firebase","https://www.googleapis.com/auth/cloud-platform"]
[debug] [2026-10-03T02:51:35.558Z] > authorizing via signed-in user (vietthanh228@gmail.com)
[debug] [2026-10-03T02:51:35.558Z] [iam] checking project app-from-ai for permissions ["firebase.projects.get","firebaserules.releases.create","firebaserules.releases.update","firebaserules.rulesets.create"]
[debug] [2026-10-03T02:51:35.561Z] Checked if tokens are valid: true, expires at: 1790997944097
[debug] [2026-10-03T02:51:35.562Z] Checked if tokens are valid: true, expires at: 1790997944097
[debug] [2026-10-03T02:51:35.564Z] >>> [apiv2][query] POST https://cloudresourcemanager.googleapis.com/v1/projects/app-from-ai:testIamPermissions [none]
[debug] [2026-10-03T02:51:35.564Z] >>> [apiv2][(partial)header] POST https://cloudresourcemanager.googleapis.com/v1/projects/app-from-ai:testIamPermissions x-goog-quota-user=projects/app-from-ai
[debug] [2026-10-03T02:51:35.564Z] >>> [apiv2][body] POST https://cloudresourcemanager.googleapis.com/v1/projects/app-from-ai:testIamPermissions {"permissions":["firebase.projects.get","firebaserules.releases.create","firebaserules.releases.update","firebaserules.rulesets.create"]}
[debug] [2026-10-03T02:51:36.814Z] <<< [apiv2][status] POST https://cloudresourcemanager.googleapis.com/v1/projects/app-from-ai:testIamPermissions 200
[debug] [2026-10-03T02:51:36.814Z] <<< [apiv2][body] POST https://cloudresourcemanager.googleapis.com/v1/projects/app-from-ai:testIamPermissions {"permissions":["firebase.projects.get","firebaserules.releases.create","firebaserules.releases.update","firebaserules.rulesets.create"]}
[info] 
[info] === Deploying to 'app-from-ai'...
[info] 
[info] i  deploying storage 
[info] i  firebase.storage: checking firebase/storage.rules for compilation errors... 
[debug] [2026-10-03T02:51:36.820Z] Checked if tokens are valid: true, expires at: 1790997944097
[debug] [2026-10-03T02:51:36.820Z] Checked if tokens are valid: true, expires at: 1790997944097
[debug] [2026-10-03T02:51:36.820Z] >>> [apiv2][query] POST https://firebaserules.googleapis.com/v1/projects/app-from-ai:test [none]
[debug] [2026-10-03T02:51:36.820Z] >>> [apiv2][body] POST https://firebaserules.googleapis.com/v1/projects/app-from-ai:test [omitted]
[debug] [2026-10-03T02:51:37.965Z] <<< [apiv2][status] POST https://firebaserules.googleapis.com/v1/projects/app-from-ai:test 200
[debug] [2026-10-03T02:51:37.965Z] <<< [apiv2][body] POST https://firebaserules.googleapis.com/v1/projects/app-from-ai:test {}
[info] +  firebase.storage: rules file firebase/storage.rules compiled successfully 
[debug] [2026-10-03T02:51:37.967Z] Checked if tokens are valid: true, expires at: 1790997944097
[debug] [2026-10-03T02:51:37.967Z] Checked if tokens are valid: true, expires at: 1790997944097
[debug] [2026-10-03T02:51:37.968Z] >>> [apiv2][query] GET https://firebaserules.googleapis.com/v1/projects/app-from-ai/releases pageSize=10&pageToken=
[debug] [2026-10-03T02:51:39.036Z] <<< [apiv2][status] GET https://firebaserules.googleapis.com/v1/projects/app-from-ai/releases 200
[debug] [2026-10-03T02:51:39.036Z] <<< [apiv2][body] GET https://firebaserules.googleapis.com/v1/projects/app-from-ai/releases {"releases":[{"name":"projects/app-from-ai/releases/cloud.firestore","rulesetName":"projects/app-from-ai/rulesets/4a48ce7c-ac30-4c3a-bc84-62db2c84a27a","createTime":"2025-12-18T16:48:24.217069Z","updateTime":"2026-08-02T02:14:55.628925Z"},{"name":"projects/app-from-ai/releases/cloud.firestore/ai-studio-02815ea0-427e-42a8-b8f2-2f3f3b011704","rulesetName":"projects/app-from-ai/rulesets/b82153f8-10f4-4e53-9bfa-66bd3d262ac0","createTime":"2026-07-31T15:52:27.427305Z","updateTime":"2026-07-31T15:54:14.996770Z"},{"name":"projects/app-from-ai/releases/cloud.firestore/ai-studio-8230ff47-b4be-4c6c-b3d0-9a2afa729d61","rulesetName":"projects/app-from-ai/rulesets/44e41449-ae2a-4bc0-8edb-354a6b0683bc","createTime":"2026-03-28T14:18:42.180916Z","updateTime":"2026-03-28T15:35:24.140453Z"},{"name":"projects/app-from-ai/releases/cloud.firestore/ai-studio-88038255-d802-4724-a5d8-1639c4753b06","rulesetName":"projects/app-from-ai/rulesets/f5dd4e33-0ea6-4ce1-8931-9b0500d36441","createTime":"2026-03-24T01:36:49.902016Z","updateTime":"2026-03-24T03:38:01.873635Z"},{"name":"projects/app-from-ai/releases/cloud.firestore/ai-studio-dce95e7a-7087-41bb-abbc-9d41f0cf0558","rulesetName":"projects/app-from-ai/rulesets/2403d5ae-9621-4f45-bd33-37c9869cfb3c","createTime":"2026-05-19T08:39:42.677383Z","updateTime":"2026-05-20T06:40:44.630213Z"},{"name":"projects/app-from-ai/releases/cloud.firestore/ai-studio-phmixwebggcloud-f11e1f43-d9c3-42d3-af2a-77e42d6e055d","rulesetName":"projects/app-from-ai/rulesets/b1444990-4e5f-4d9a-bbd4-66d55012bc76","createTime":"2026-07-19T06:01:55.308683Z","updateTime":"2026-07-19T08:13:06.491717Z"},{"name":"projects/app-from-ai/releases/cloud.firestore/ai-studio-remixphmixaistud-dbeed1f5-abd6-4589-8448-560e8ce5768b","rulesetName":"projects/app-from-ai/rulesets/91f7f449-0602-4639-95c3-2188da766e1f","createTime":"2026-07-23T02:07:25.375137Z","updateTime":"2026-07-23T03:20:37.691082Z"},{"name":"projects/app-from-ai/releases/cloud.firestore/edutask","rulesetName":"projects/app-from-ai/rulesets/05971cb0-9d84-4b8f-9c5c-569dc58a0caf","createTime":"2026-08-01T13:57:48.041022Z","updateTime":"2026-08-19T18:04:36.734845Z"},{"name":"projects/app-from-ai/releases/cloud.firestore/khaithue","rulesetName":"projects/app-from-ai/rulesets/a9d747aa-919f-4ebd-9089-fe98184e6bf6","createTime":"2026-10-03T02:24:10.352506Z","updateTime":"2026-10-03T02:51:09.886458Z"},{"name":"projects/app-from-ai/releases/cloud.firestore/null","rulesetName":"projects/app-from-ai/rulesets/f103ab55-aaf8-4f72-b100-39da6214ebf9","createTime":"2026-07-23T23:40:15.771213Z","updateTime":"2026-07-23T23:42:36.689810Z"}],"nextPageToken":"AJubKvz_9tmmYsJCyFE_lUvTH5IbbhpHQN90OexCOIJUvw17wtPGYShwMuue9eNF8IBllIAtik-QPtle_VDvjCMjB8hbO8Q4usPhfzmWyJiN2Tv0Zf9Ic3Eas2XC31yKGKmhcz35l4La"}
[debug] [2026-10-03T02:51:39.037Z] Checked if tokens are valid: true, expires at: 1790997944097
[debug] [2026-10-03T02:51:39.037Z] Checked if tokens are valid: true, expires at: 1790997944097
[debug] [2026-10-03T02:51:39.037Z] >>> [apiv2][query] GET https://firebaserules.googleapis.com/v1/projects/app-from-ai/releases pageSize=10&pageToken=AJubKvz_9tmmYsJCyFE_lUvTH5IbbhpHQN90OexCOIJUvw17wtPGYShwMuue9eNF8IBllIAtik-QPtle_VDvjCMjB8hbO8Q4usPhfzmWyJiN2Tv0Zf9Ic3Eas2XC31yKGKmhcz35l4La
[debug] [2026-10-03T02:51:40.100Z] <<< [apiv2][status] GET https://firebaserules.googleapis.com/v1/projects/app-from-ai/releases 200
[debug] [2026-10-03T02:51:40.100Z] <<< [apiv2][body] GET https://firebaserules.googleapis.com/v1/projects/app-from-ai/releases {"releases":[{"name":"projects/app-from-ai/releases/firebase.storage/app-from-ai.firebasestorage.app","rulesetName":"projects/app-from-ai/rulesets/d23c1419-5c8d-43b6-9d7f-8b1c97007706","createTime":"2025-12-18T16:25:09.742521Z","updateTime":"2026-07-23T14:52:01.275072Z"},{"name":"projects/app-from-ai/releases/firebase.storage/edutask","rulesetName":"projects/app-from-ai/rulesets/8f74ec38-d62b-4741-9091-66811594de24","createTime":"2026-08-01T14:00:25.440260Z","updateTime":"2026-08-08T06:29:58.391809Z"},{"name":"projects/app-from-ai/releases/firebase.storage/khaithue","rulesetName":"projects/app-from-ai/rulesets/0fbd7f72-06f9-4dfb-818e-77a794d261ea","createTime":"2026-10-03T02:26:47.665924Z","updateTime":"2026-10-03T02:51:09.385732Z"}]}
[debug] [2026-10-03T02:51:40.127Z] Checked if tokens are valid: true, expires at: 1790997944097
[debug] [2026-10-03T02:51:40.127Z] Checked if tokens are valid: true, expires at: 1790997944097
[debug] [2026-10-03T02:51:40.128Z] >>> [apiv2][query] GET https://firebaserules.googleapis.com/v1/projects/app-from-ai/rulesets/0fbd7f72-06f9-4dfb-818e-77a794d261ea [none]
[debug] [2026-10-03T02:51:41.210Z] <<< [apiv2][status] GET https://firebaserules.googleapis.com/v1/projects/app-from-ai/rulesets/0fbd7f72-06f9-4dfb-818e-77a794d261ea 200
[debug] [2026-10-03T02:51:41.210Z] <<< [apiv2][body] GET https://firebaserules.googleapis.com/v1/projects/app-from-ai/rulesets/0fbd7f72-06f9-4dfb-818e-77a794d261ea [omitted]
[info] i  storage: latest version of firebase/storage.rules already up to date, skipping upload... 
[debug] [2026-10-03T02:51:41.212Z] [rules] releasing firebase.storage/khaithue with ruleset projects/app-from-ai/rulesets/0fbd7f72-06f9-4dfb-818e-77a794d261ea
[debug] [2026-10-03T02:51:41.212Z] Checked if tokens are valid: true, expires at: 1790997944097
[debug] [2026-10-03T02:51:41.212Z] Checked if tokens are valid: true, expires at: 1790997944097
[debug] [2026-10-03T02:51:41.213Z] >>> [apiv2][query] PATCH https://firebaserules.googleapis.com/v1/projects/app-from-ai/releases/firebase.storage/khaithue [none]
[debug] [2026-10-03T02:51:41.213Z] >>> [apiv2][body] PATCH https://firebaserules.googleapis.com/v1/projects/app-from-ai/releases/firebase.storage/khaithue {"release":{"name":"projects/app-from-ai/releases/firebase.storage/khaithue","rulesetName":"projects/app-from-ai/rulesets/0fbd7f72-06f9-4dfb-818e-77a794d261ea"}}
[debug] [2026-10-03T02:51:42.324Z] <<< [apiv2][status] PATCH https://firebaserules.googleapis.com/v1/projects/app-from-ai/releases/firebase.storage/khaithue 200
[debug] [2026-10-03T02:51:42.324Z] <<< [apiv2][body] PATCH https://firebaserules.googleapis.com/v1/projects/app-from-ai/releases/firebase.storage/khaithue {"name":"projects/app-from-ai/releases/firebase.storage/khaithue","rulesetName":"projects/app-from-ai/rulesets/0fbd7f72-06f9-4dfb-818e-77a794d261ea","createTime":"2026-10-03T02:26:47.665924Z","updateTime":"2026-10-03T02:51:41.933987Z"}
[debug] [2026-10-03T02:51:42.324Z] [rules] updated release projects/app-from-ai/releases/firebase.storage/khaithue
[info] +  storage: released rules firebase/storage.rules to firebase.storage 
[info] 
[info] +  Deploy complete! 
[info] 
[info] Project Console: https://console.firebase.google.com/project/app-from-ai/overview
